
> tycoon-financial-freedom@3.4.3 build
> tsc && vite build

vite v6.4.3 building for production...
transforming...
✓ 2757 modules transformed.
Generated an empty chunk: "react".
rendering chunks...
computing gzip size...
dist/assets/manifest-BIj79Elz.json              0.51 kB │ gzip:   0.35 kB
dist/index.html                                 3.22 kB │ gzip:   1.26 kB
dist/assets/draco_wasm_wrapper-fZCQGLGb.js     58.46 kB
dist/assets/draco_wasm_wrapper-DxJM36Ib.js     58.76 kB
dist/assets/draco_decoder-Z1_iN-Ht.wasm       192.42 kB │ gzip:  63.46 kB
dist/assets/draco_decoder-C32yEggz.wasm       285.75 kB │ gzip:  88.64 kB
dist/assets/draco_decoder-fzg4nYZr.js         719.41 kB
dist/assets/TownModal-Bwb5LDry.css             23.97 kB │ gzip:   5.58 kB
dist/assets/index-DlptjXzc.css                151.91 kB │ gzip:  20.34 kB
dist/assets/react-l0sNRNKZ.js                   0.00 kB │ gzip:   0.02 kB
dist/assets/confetti-oQXWb4Lk.js               10.67 kB │ gzip:   4.28 kB
dist/assets/icons--O4PvNbz.js                  28.44 kB │ gzip:   5.83 kB
dist/assets/motion-D1ID2AvJ.js                122.84 kB │ gzip:  40.77 kB
dist/assets/charts-DQcZdZNn.js                559.85 kB │ gzip: 165.88 kB
dist/assets/TownModal-Br4lY-EL.js             798.46 kB │ gzip: 218.54 kB
dist/assets/index-D4hyRvEC.js               1,123.04 kB │ gzip: 306.91 kB

(!) Some chunks are larger than 500 kB after minification. Consider:
- Using dynamic import() to code-split the application
- Use build.rollupOptions.output.manualChunks to improve chunking: https://rollupjs.org/configuration-options/#output-manualchunks
- Adjust chunk size limit for this warning via build.chunkSizeWarningLimit.
✓ built in 4.08s
