
> tycoon-financial-freedom@3.4.3 build
> tsc && vite build

vite v6.4.3 building for production...
transforming...
✓ 2790 modules transformed.
Generated an empty chunk: "react".
rendering chunks...
computing gzip size...
dist/assets/manifest-BIj79Elz.json                  0.51 kB │ gzip:   0.35 kB
dist/cafe-preview.html                              0.96 kB │ gzip:   0.44 kB
dist/character-preview.html                         2.78 kB │ gzip:   1.34 kB
dist/index.html                                     3.40 kB │ gzip:   1.30 kB
dist/assets/draco_wasm_wrapper-fZCQGLGb.js         58.46 kB
dist/assets/draco_wasm_wrapper-DxJM36Ib.js         58.76 kB
dist/assets/draco_decoder-Z1_iN-Ht.wasm           192.42 kB │ gzip:  63.46 kB
dist/assets/draco_decoder-C32yEggz.wasm           285.75 kB │ gzip:  88.64 kB
dist/assets/draco_decoder-fzg4nYZr.js             719.41 kB
dist/assets/cafe-BhdvyTQo.css                       7.21 kB │ gzip:   2.28 kB
dist/assets/town-qwsms7fm.css                      31.08 kB │ gzip:   7.01 kB
dist/assets/main-BL_zJ5x1.css                     152.56 kB │ gzip:  20.43 kB
dist/assets/react-l0sNRNKZ.js                       0.00 kB │ gzip:   0.02 kB
dist/assets/modulepreload-polyfill-B5Qt9EMX.js      0.71 kB │ gzip:   0.40 kB
dist/assets/cafe-De9sZ3xR.js                        7.54 kB │ gzip:   2.90 kB
dist/assets/confetti-oQXWb4Lk.js                   10.67 kB │ gzip:   4.28 kB
dist/assets/KidsSquareModal-MGQ98deZ.js            13.34 kB │ gzip:   4.97 kB
dist/assets/character-DqIyUPRA.js                  22.67 kB │ gzip:   5.92 kB
dist/assets/icons-B2bmDb5p.js                      28.44 kB │ gzip:   5.83 kB
dist/assets/createTownScene-B_mIBA1W.js           118.83 kB │ gzip:  44.87 kB
dist/assets/motion-D1ID2AvJ.js                    122.84 kB │ gzip:  40.77 kB
dist/assets/investmentModel-DYsZ1eDC.js           153.60 kB │ gzip:  47.40 kB
dist/assets/TownModal-DTBbiFzD.js                 188.99 kB │ gzip:  58.00 kB
dist/assets/charts-DTKjwsF8.js                    559.85 kB │ gzip: 165.88 kB
dist/assets/GLTFLoader-BeBW-flB.js                641.45 kB │ gzip: 165.48 kB
dist/assets/main-iBjNXvB1.js                    1,104.53 kB │ gzip: 303.74 kB

(!) Some chunks are larger than 500 kB after minification. Consider:
- Using dynamic import() to code-split the application
- Use build.rollupOptions.output.manualChunks to improve chunking: https://rollupjs.org/configuration-options/#output-manualchunks
- Adjust chunk size limit for this warning via build.chunkSizeWarningLimit.
✓ built in 4.07s
